
$?
=====
should create all herdocs before moving to execution

Redirection
Pipes
Return value of a process
